2026-09-23T19:00:57Z pre-gemm load1=3.06
2026-09-23T19:01:10Z gemm exit=0
2026-09-23T19:01:10Z load1=3.52
2026-09-23T19:02:08Z bench2 Q8_0 exit=0
2026-09-23T19:02:58Z bench2 Q6_K exit=0
2026-09-23T19:03:45Z bench2 Q5_K_M exit=0
2026-09-23T19:04:27Z bench2 Q4_K_M exit=0
2026-09-23T19:05:09Z bench2 Q3_K_M exit=0
2026-09-23T19:05:44Z bench2 Q2_K exit=0
2026-09-23T19:06:54Z kv2 f16 exit=0
2026-09-23T19:08:17Z kv2 q8_0 exit=0
2026-09-23T19:09:32Z kv2 q4_0 exit=0
2026-09-23T19:09:32Z done
2026-09-23T19:09:42Z attn2 naive 1024 exit=0
2026-09-23T19:09:43Z attn2 sdpa 1024 exit=0
2026-09-23T19:09:45Z attn2 tiled 1024 exit=0
2026-09-23T19:09:46Z attn2 naive 2048 exit=0
2026-09-23T19:09:47Z attn2 sdpa 2048 exit=0
2026-09-23T19:09:49Z attn2 tiled 2048 exit=0
2026-09-23T19:09:51Z attn2 naive 4096 exit=0
2026-09-23T19:09:53Z attn2 sdpa 4096 exit=0
2026-09-23T19:09:54Z attn2 tiled 4096 exit=0
2026-09-23T19:09:57Z attn2 naive 8192 exit=0
2026-09-23T19:10:00Z attn2 sdpa 8192 exit=1
2026-09-23T19:10:03Z attn2 tiled 8192 exit=0
2026-09-23T19:10:04Z attn2 naive 16384 exit=0
2026-09-23T19:10:33Z attn2 sdpa 16384 exit=1
2026-09-23T19:10:39Z attn2 tiled 16384 exit=0
2026-09-23T19:10:41Z attn2 naive 32768 exit=0
2026-09-23T19:10:42Z attn2 sdpa 32768 exit=0
2026-09-23T19:10:57Z attn2 tiled 32768 exit=0
2026-09-23T19:11:04Z launch2 exit=0
2026-09-23T19:11:04Z done4
2026-09-23T19:13:40Z kv3 f16 exit=0
2026-09-23T19:16:59Z kv3 q8_0 exit=0
2026-09-23T19:20:14Z kv3 q4_0 exit=0
2026-09-23T19:20:14Z done5
