-- Performing Test GGML_MACHINE_SUPPORTS_nosme - Success
-- Checking for ARM features using flags:
--   -U__ARM_FEATURE_MATMUL_INT8
--   -U__ARM_FEATURE_SVE
--   -U__ARM_FEATURE_SME
--   -mcpu=native+dotprod+noi8mm+nosve+nosme
-- Performing Test HAVE_DOTPROD
-- Performing Test HAVE_DOTPROD - Success
-- Performing Test HAVE_SVE
-- Performing Test HAVE_SVE - Failed
-- Performing Test HAVE_MATMUL_INT8
-- Performing Test HAVE_MATMUL_INT8 - Failed
-- Performing Test HAVE_FMA
-- Performing Test HAVE_FMA - Success
-- Performing Test HAVE_FP16_VECTOR_ARITHMETIC
-- Performing Test HAVE_FP16_VECTOR_ARITHMETIC - Success
-- Performing Test HAVE_SME
-- Performing Test HAVE_SME - Failed
-- Adding CPU backend variant ggml-cpu: -U__ARM_FEATURE_MATMUL_INT8;-U__ARM_FEATURE_SVE;-U__ARM_FEATURE_SME;-mcpu=native+dotprod+noi8mm+nosve+nosme
-- Looking for dgemm_
-- Looking for dgemm_ - found
-- Found BLAS: /Applications/Xcode.app/Contents/Developer/Platforms/MacOSX.platform/Developer/SDKs/MacOSX.sdk/System/Library/Frameworks/Accelerate.framework
-- BLAS found, Libraries: /Applications/Xcode.app/Contents/Developer/Platforms/MacOSX.platform/Developer/SDKs/MacOSX.sdk/System/Library/Frameworks/Accelerate.framework
-- BLAS found, Includes:
-- Including BLAS backend
-- Metal framework found
-- Including METAL backend
-- Using RPC backend
-- Including RPC backend
-- ggml version: 0.9.11
-- ggml commit:  d006858
-- Found OpenSSL: /opt/homebrew/Cellar/openssl@3/3.6.3/lib/libcrypto.dylib (found version "3.6.3")
-- Performing Test OPENSSL_VERSION_SUPPORTED
-- Performing Test OPENSSL_VERSION_SUPPORTED - Success
-- OpenSSL found: 3.6.3
-- Generating embedded license file for target: common
-- Configuring done (6.5s)
-- Generating done (0.1s)
-- Build files have been written to: <scratch>
Embedding Metal library
