--- ssd: 2026-09-24T16:46:01Z load { 5.31 5.98 4.88 } total = 16384.00M  used = 15806.00M  free = 578.00M  (encrypted)
--- rpc-L3-local: 2026-09-24T16:49:12Z load { 5.74 6.44 5.33 } total = 17408.00M  used = 16261.56M  free = 1146.44M  (encrypted)
--- rpc-L3-split: 2026-09-24T16:49:35Z load { 5.98 6.45 5.37 } total = 18432.00M  used = 17886.44M  free = 545.56M  (encrypted)
--- rpc-L3-remote: 2026-09-24T16:52:31Z load { 5.72 7.44 6.08 } total = 18432.00M  used = 17675.00M  free = 757.00M  (encrypted)
--- rpc-Q8-local: 2026-09-24T16:53:04Z load { 5.92 7.29 6.07 } total = 19456.00M  used = 17858.69M  free = 1597.31M  (encrypted)
--- rpc-Q8-split: 2026-09-24T16:55:07Z load { 5.25 7.08 6.19 } total = 19456.00M  used = 18578.75M  free = 877.25M  (encrypted)
--- rpc-Q8-remote: 2026-09-24T17:04:37Z load { 4.90 12.34 12.17 } total = 17408.00M  used = 16092.12M  free = 1315.88M  (encrypted)
--- kvmove: 2026-09-24T17:05:47Z load { 4.84 10.84 11.62 } total = 20480.00M  used = 19360.75M  free = 1119.25M  (encrypted)
--- disagg: 2026-09-24T17:20:36Z load { 5.16 24.48 24.12 } total = 17408.00M  used = 15687.19M  free = 1720.81M  (encrypted)
--- end: 2026-09-24T17:22:45Z load { 13.86 20.96 22.75 } total = 19456.00M  used = 18772.81M  free = 683.19M  (encrypted)
--- rpc2-L3-local-1: 2026-09-24T17:24:53Z load { 4.91 15.33 20.27 } total = 18432.00M  used = 17211.69M  free = 1220.31M  (encrypted)
--- rpc2-L3-split-1: 2026-09-24T17:25:06Z load { 4.46 14.90 20.06 } total = 18432.00M  used = 17195.69M  free = 1236.31M  (encrypted)
--- rpc2-L3-remote-1: 2026-09-24T17:25:19Z load { 4.37 14.36 19.78 } total = 18432.00M  used = 17904.81M  free = 527.19M  (encrypted)
--- rpc2-L3-local-2: 2026-09-24T17:25:36Z load { 3.92 13.77 19.47 } total = 18432.00M  used = 17880.81M  free = 551.19M  (encrypted)
--- rpc2-L3-split-2: 2026-09-24T17:25:48Z load { 3.74 13.24 19.18 } total = 18432.00M  used = 17880.81M  free = 551.19M  (encrypted)
--- rpc2-L3-remote-2: 2026-09-24T17:26:01Z load { 3.71 12.92 19.00 } total = 18432.00M  used = 17792.81M  free = 639.19M  (encrypted)
--- rpc2-Q8-local-1: 2026-09-24T17:26:20Z load { 4.74 12.57 18.73 } total = 18432.00M  used = 17656.81M  free = 775.19M  (encrypted)
--- rpc2-Q8-split-1: 2026-09-24T17:28:58Z load { 5.70 11.38 17.33 } total = 20480.00M  used = 18873.75M  free = 1606.25M  (encrypted)
--- rpc2-Q8-remote-1: 2026-09-24T17:29:36Z load { 5.59 10.72 16.85 } total = 22528.00M  used = 20897.25M  free = 1630.75M  (encrypted)
--- rpc2-Q8-local-2: 2026-09-24T17:30:22Z load { 5.13 9.79 16.16 } total = 21504.00M  used = 20488.50M  free = 1015.50M  (encrypted)
--- rpc2-Q8-split-2: 2026-09-24T17:30:51Z load { 4.02 9.15 15.74 } total = 21504.00M  used = 20208.50M  free = 1295.50M  (encrypted)
--- rpc2-Q8-remote-2: 2026-09-24T17:31:23Z load { 3.75 8.52 15.24 } total = 21504.00M  used = 20917.25M  free = 586.75M  (encrypted)
--- end6b: 2026-09-24T17:32:10Z load { 4.23 7.95 14.69 } total = 21504.00M  used = 20509.25M  free = 994.75M  (encrypted)
