--- kvsizes: 2026-09-24T09:24:40Z load { 5.53 6.78 5.79 } total = 18432.00M  used = 17017.69M  free = 1414.31M  (encrypted)
--- depth-dde5aa3fc5ffc17176b5e8bdc82f587b24b2678c6c66101bf7da77af9f7ccdff: 2026-09-24T09:26:09Z load { 5.30 6.56 5.82 } total = 20480.00M  used = 19681.38M  free = 798.62M  (encrypted)
--- depth-4a188102020e9c9530b687fd6400f775c45e90a0d7baafe65bd0a36963fbb7ba: 2026-09-24T09:34:48Z load { 5.81 7.35 6.58 } total = 17408.00M  used = 16363.00M  free = 1045.00M  (encrypted)
--- depth-e6a7edc1a4d7d9b2de136a221a57336b76316cfe53a252aeba814496c5ae439d: 2026-09-24T09:37:03Z load { 4.74 6.43 6.33 } total = 18432.00M  used = 17922.00M  free = 510.00M  (encrypted)
--- depth-2bfb097d01f8633cd5fcf6cc3aeeeded7c7211b41e9d241e871d7d595a42fc49: 2026-09-24T09:44:04Z load { 5.93 9.38 8.28 } total = 20480.00M  used = 19550.31M  free = 929.69M  (encrypted)
--- reasoning: 2026-09-24T09:49:43Z load { 5.08 8.10 8.17 } total = 20480.00M  used = 19047.88M  free = 1432.12M  (encrypted)
--- ollama_ctx: 2026-09-24T10:34:00Z load { 4.65 5.88 5.67 } total = 19456.00M  used = 18352.00M  free = 1104.00M  (encrypted)
--- vision: 2026-09-24T10:35:48Z load { 3.46 5.11 5.39 } total = 20480.00M  used = 18913.44M  free = 1566.56M  (encrypted)
--- end: 2026-09-24T10:36:21Z load { 2.96 4.80 5.27 } total = 20480.00M  used = 19801.25M  free = 678.75M  (encrypted)
--- hybrid_prefix: 2026-09-24T10:37:07Z load { 2.39 4.39 5.09 } total = 20480.00M  used = 19289.25M  free = 1190.75M  (encrypted)
--- moe-q4_K-1: 2026-09-24T10:43:37Z load { 5.31 6.86 6.25 } total = 20480.00M  used = 18987.38M  free = 1492.62M  (encrypted)
--- moe-f16-1: 2026-09-24T10:44:29Z load { 4.09 6.27 6.06 } total = 19456.00M  used = 18582.62M  free = 873.38M  (encrypted)
--- moe-q4_K-2: 2026-09-24T10:44:43Z load { 3.71 6.08 6.00 } total = 19456.00M  used = 18550.62M  free = 905.38M  (encrypted)
--- moe-f16-2: 2026-09-24T10:45:25Z load { 4.98 6.09 6.00 } total = 19456.00M  used = 18358.62M  free = 1097.38M  (encrypted)
--- moe-q4_K-3: 2026-09-24T10:45:39Z load { 5.09 6.06 5.99 } total = 19456.00M  used = 18326.62M  free = 1129.38M  (encrypted)
--- moe-f16-3: 2026-09-24T10:46:20Z load { 5.18 5.98 5.97 } total = 19456.00M  used = 18158.56M  free = 1297.44M  (encrypted)
--- end5b: 2026-09-24T10:46:35Z load { 4.47 5.79 5.90 } total = 19456.00M  used = 18078.56M  free = 1377.44M  (encrypted)
--- ollama_ctx2: 2026-09-24T10:46:45Z load { 4.01 5.65 5.85 } total = 19456.00M  used = 18046.56M  free = 1409.44M  (encrypted)
--- end5c: 2026-09-24T10:52:36Z load { 4.19 5.15 5.58 } total = 21504.00M  used = 20059.75M  free = 1444.25M  (encrypted)
--- hybrid_prefix_b512: 2026-09-24T10:53:02Z load { 3.26 4.84 5.46 } total = 19456.00M  used = 18325.25M  free = 1130.75M  (encrypted)
--- end5d: 2026-09-24T10:55:04Z load { 4.18 4.69 5.31 } total = 22528.00M  used = 21610.44M  free = 917.56M  (encrypted)
--- moesql-q4_K-1: 2026-09-24T10:55:15Z load { 3.85 4.60 5.27 } total = 22528.00M  used = 21298.44M  free = 1229.56M  (encrypted)
--- moesql-f16-1: 2026-09-24T10:55:54Z load { 5.45 4.92 5.35 } total = 21504.00M  used = 19881.88M  free = 1622.12M  (encrypted)
--- moesql-q4_K-2: 2026-09-24T10:56:08Z load { 5.11 4.86 5.32 } total = 20480.00M  used = 19748.56M  free = 731.44M  (encrypted)
--- moesql-f16-2: 2026-09-24T10:56:46Z load { 4.60 4.81 5.29 } total = 20480.00M  used = 19508.56M  free = 971.44M  (encrypted)
--- moesql-q4_K-3: 2026-09-24T10:56:59Z load { 4.36 4.74 5.26 } total = 20480.00M  used = 19412.56M  free = 1067.44M  (encrypted)
--- moesql-f16-3: 2026-09-24T10:57:37Z load { 4.59 4.75 5.24 } total = 20480.00M  used = 19196.56M  free = 1283.44M  (encrypted)
--- end5e: 2026-09-24T10:57:51Z load { 4.93 4.83 5.26 } total = 20480.00M  used = 19036.50M  free = 1443.50M  (encrypted)
