ggml_metal_device_init: tensor API disabled for pre-M5 and pre-A19 devices
ggml_metal_library_init: using embedded metal library
ggml_metal_library_init: loaded in 0.008 sec
ggml_metal_rsets_init: creating a residency set collection (keep_alive = 180 s)
ggml_metal_device_init: GPU name:   MTL0
ggml_metal_device_init: GPU family: MTLGPUFamilyApple7  (1007)
ggml_metal_device_init: GPU family: MTLGPUFamilyCommon3 (3003)
ggml_metal_device_init: GPU family: MTLGPUFamilyMetal4  (5002)
ggml_metal_device_init: simdgroup reduction   = true
ggml_metal_device_init: simdgroup matrix mul. = true
ggml_metal_device_init: has unified memory    = true
ggml_metal_device_init: has bfloat            = true
ggml_metal_device_init: has tensor            = false
ggml_metal_device_init: use residency sets    = true
ggml_metal_device_init: use shared buffers    = true
ggml_metal_device_init: recommendedMaxWorkingSetSize  = 12713.12 MB
ggml_metal_init: allocating
ggml_metal_init: found device: Apple M1
ggml_metal_init: picking default device: Apple M1
ggml_metal_init: use fusion         = true
ggml_metal_init: use concurrency    = true
ggml_metal_init: use graph optimize = true
ggml_metal_library_compile_pipeline: compiling pipeline: base = 'kernel_mul_mv_id_q4_K_f32', name = 'kernel_mul_mv_id_q4_K_f32_nsg=2'
ggml_metal_library_compile_pipeline: loaded kernel_mul_mv_id_q4_K_f32_nsg=2               0x101dc7ea0 | th_max =  768 | th_width =   32
ggml_metal_library_compile_pipeline: compiling pipeline: base = 'kernel_mul_mm_id_map0_ne20_8', name = 'kernel_mul_mm_id_map0_ne20_8_ne02=128'
ggml_metal_library_compile_pipeline: loaded kernel_mul_mm_id_map0_ne20_8_ne02=128         0x101dbe3a0 | th_max = 1024 | th_width =   32
ggml_metal_library_compile_pipeline: compiling pipeline: base = 'kernel_mul_mm_id_q4_K_f32', name = 'kernel_mul_mm_id_q4_K_f32_bci=0'
ggml_metal_library_compile_pipeline: loaded kernel_mul_mm_id_q4_K_f32_bci=0               0x101dbe6a0 | th_max =  896 | th_width =   32
ggml_metal_free: deallocating
